// Jest Snapshot v1, https://goo.gl/fbAQLP

exports[`App should match the snapshot with all data passed in correctly 1`] = `
<div
  className="App"
>
  <div>
    <Header
      searchFor={[Function]}
    />
    <Banner />
    <CardContainer
      icecream={Object {}}
      parlors={Array []}
      search=""
    />
  </div>
</div>
`;
